main.c:71:6:maju	4	static
main.c:80:6:mundur	4	static
main.c:89:6:atas	4	static
main.c:97:6:bawah	4	static
main.c:107:6:pivotR	4	static
main.c:116:6:pivotL	4	static
main.c:124:6:stop	4	static
main.c:133:6:tes	4	static
main.c:150:5:main	8	static
main.c:234:6:SystemClock_Config	88	static
main.c:278:13:MX_TIM6_Init	16	static
main.c:316:13:MX_TIM7_Init	16	static
main.c:354:13:MX_TIM8_Init	96	static
main.c:437:13:MX_TIM9_Init	56	static
main.c:493:13:MX_TIM10_Init	40	static
main.c:539:13:MX_GPIO_Init	24	static
main.c:558:6:Error_Handler	4	static,ignoring_inline_asm
